// Jest Snapshot v1, https://goo.gl/fbAQLP

exports[`Environments should get keys 1`] = `"f85a2d2409fa127df8ac0d51b4c81f0d"`;
